TAP version 13
# Subtest: chunkText Logic
    # Subtest: chunks text by sentences
    ok 1 - chunks text by sentences
      ---
      duration_ms: 1.15989
      type: 'test'
      ...
    # Subtest: splits when maxChars is exceeded
    ok 2 - splits when maxChars is exceeded
      ---
      duration_ms: 0.212599
      type: 'test'
      ...
    # Subtest: handles single sentence exceeding maxChars
    ok 3 - handles single sentence exceeding maxChars
      ---
      duration_ms: 0.249459
      type: 'test'
      ...
    # Subtest: handles empty input
    ok 4 - handles empty input
      ---
      duration_ms: 0.211431
      type: 'test'
      ...
    # Subtest: handles text without punctuation
    ok 5 - handles text without punctuation
      ---
      duration_ms: 0.321937
      type: 'test'
      ...
    # Subtest: handles standard abbreviations (limitation)
    ok 6 - handles standard abbreviations (limitation)
      ---
      duration_ms: 0.288607
      type: 'test'
      ...
    # Subtest: handles naive split behavior with small limits
    ok 7 - handles naive split behavior with small limits
      ---
      duration_ms: 0.290294
      type: 'test'
      ...
    1..7
ok 1 - chunkText Logic
  ---
  duration_ms: 4.856961
  type: 'test'
  ...
# Download attempted in non-browser environment
# Subtest: formatChatHistory
    # Subtest: formats messages correctly
    ok 1 - formats messages correctly
      ---
      duration_ms: 1.201444
      type: 'test'
      ...
    # Subtest: handles empty messages
    ok 2 - handles empty messages
      ---
      duration_ms: 0.214396
      type: 'test'
      ...
    # Subtest: handles single message
    ok 3 - handles single message
      ---
      duration_ms: 0.178044
      type: 'test'
      ...
    1..3
ok 2 - formatChatHistory
  ---
  duration_ms: 2.93271
  type: 'suite'
  ...
# Subtest: downloadTextFile
    # Subtest: safely returns in non-browser environment
    ok 1 - safely returns in non-browser environment
      ---
      duration_ms: 1.012445
      type: 'test'
      ...
    # Subtest: creates and clicks download link in browser environment
    ok 2 - creates and clicks download link in browser environment
      ---
      duration_ms: 1.585282
      type: 'test'
      ...
    1..2
ok 3 - downloadTextFile
  ---
  duration_ms: 3.323546
  type: 'suite'
  ...
# Subtest: downloadChatHistory
    # Subtest: does not download if history is empty or too short
    ok 1 - does not download if history is empty or too short
      ---
      duration_ms: 1.452837
      type: 'test'
      ...
    # Subtest: downloads formatted history
    ok 2 - downloads formatted history
      ---
      duration_ms: 0.976329
      type: 'test'
      ...
    1..2
ok 4 - downloadChatHistory
  ---
  duration_ms: 3.018124
  type: 'suite'
  ...
# Subtest: Browser Download Logic
    # Subtest: downloadTextFile should create anchor, click it, and remove it
    ok 1 - downloadTextFile should create anchor, click it, and remove it
      ---
      duration_ms: 0.850509
      type: 'test'
      ...
    # Subtest: downloadChatHistory should trigger download with formatted content and date-stamped filename
    ok 2 - downloadChatHistory should trigger download with formatted content and date-stamped filename
      ---
      duration_ms: 0.479919
      type: 'test'
      ...
    # Subtest: downloadChatHistory should do nothing if history is short
    ok 3 - downloadChatHistory should do nothing if history is short
      ---
      duration_ms: 0.301408
      type: 'test'
      ...
    # Subtest: downloadTextFile should warn and return if window is undefined
    ok 4 - downloadTextFile should warn and return if window is undefined
      ---
      duration_ms: 0.633374
      type: 'test'
      ...
    1..4
ok 5 - Browser Download Logic
  ---
  duration_ms: 4.82382
  type: 'suite'
  ...
# Subtest: escapeHtml
    # Subtest: escapes basic HTML characters
    ok 1 - escapes basic HTML characters
      ---
      duration_ms: 1.014072
      type: 'test'
      ...
    # Subtest: escapes quotes
    ok 2 - escapes quotes
      ---
      duration_ms: 0.206663
      type: 'test'
      ...
    # Subtest: escapes ampersands
    ok 3 - escapes ampersands
      ---
      duration_ms: 0.170185
      type: 'test'
      ...
    # Subtest: does not double escape ampersands if already escaped (simple check)
    ok 4 - does not double escape ampersands if already escaped (simple check)
      ---
      duration_ms: 0.162937
      type: 'test'
      ...
    # Subtest: returns original string if safe
    ok 5 - returns original string if safe
      ---
      duration_ms: 0.182613
      type: 'test'
      ...
    # Subtest: handles empty string
    ok 6 - handles empty string
      ---
      duration_ms: 0.157535
      type: 'test'
      ...
    1..6
ok 6 - escapeHtml
  ---
  duration_ms: 3.900002
  type: 'test'
  ...
# Subtest: filterAndSortEssays
    # Subtest: filters by search query
    ok 1 - filters by search query
      ---
      duration_ms: 1.066696
      type: 'test'
      ...
    # Subtest: filters by search query (case insensitive)
    ok 2 - filters by search query (case insensitive)
      ---
      duration_ms: 0.319737
      type: 'test'
      ...
    # Subtest: returns empty array when no matches
    ok 3 - returns empty array when no matches
      ---
      duration_ms: 0.303161
      type: 'test'
      ...
    # Subtest: sorts by newest (default)
    ok 4 - sorts by newest (default)
      ---
      duration_ms: 0.256513
      type: 'test'
      ...
    # Subtest: sorts by oldest
    ok 5 - sorts by oldest
      ---
      duration_ms: 0.176912
      type: 'test'
      ...
    # Subtest: sorts by shortest read time
    ok 6 - sorts by shortest read time
      ---
      duration_ms: 0.193429
      type: 'test'
      ...
    # Subtest: sorts by longest read time
    ok 7 - sorts by longest read time
      ---
      duration_ms: 0.236309
      type: 'test'
      ...
    # Subtest: combines filtering and sorting
    ok 8 - combines filtering and sorting
      ---
      duration_ms: 0.383502
      type: 'test'
      ...
    1..8
ok 7 - filterAndSortEssays
  ---
  duration_ms: 5.579123
  type: 'test'
  ...
# /app/tests/test_gemini_service.ts:27
# mock.module('@google/genai', {
#      ^
# TypeError: mock.module is not a function
#     at <anonymous> (/app/tests/test_gemini_service.ts:27:6)
#     at ModuleJob.run (node:internal/modules/esm/module_job:343:25)
#     at async onImport.tracePromise.__proto__ (node:internal/modules/esm/loader:665:26)
#     at async asyncRunEntryPointWithESMLoader (node:internal/modules/run_main:117:5)
# Node.js v22.22.0
# Subtest: tests/test_gemini_service.ts
not ok 5 - tests/test_gemini_service.ts
  ---
  duration_ms: 284.942687
  type: 'test'
  location: '/app/tests/test_gemini_service.ts:1:1'
  failureType: 'testCodeFailure'
  exitCode: 1
  signal: ~
  error: 'test failed'
  code: 'ERR_TEST_FAILURE'
  ...
# Subtest: Link Safety Logic
    # Subtest: allows http links
    ok 1 - allows http links
      ---
      duration_ms: 0.944358
      type: 'test'
      ...
    # Subtest: allows https links
    ok 2 - allows https links
      ---
      duration_ms: 0.191395
      type: 'test'
      ...
    # Subtest: allows mailto links
    ok 3 - allows mailto links
      ---
      duration_ms: 0.209015
      type: 'test'
      ...
    # Subtest: allows internal root-relative links
    ok 4 - allows internal root-relative links
      ---
      duration_ms: 0.163322
      type: 'test'
      ...
    # Subtest: allows anchor links
    ok 5 - allows anchor links
      ---
      duration_ms: 0.153674
      type: 'test'
      ...
    # Subtest: BLOCKS protocol-relative links (open redirect risk)
    ok 6 - BLOCKS protocol-relative links (open redirect risk)
      ---
      duration_ms: 0.222287
      type: 'test'
      ...
    # Subtest: BLOCKS javascript: schemes
    ok 7 - BLOCKS javascript: schemes
      ---
      duration_ms: 0.176613
      type: 'test'
      ...
    # Subtest: BLOCKS data: schemes
    ok 8 - BLOCKS data: schemes
      ---
      duration_ms: 0.268808
      type: 'test'
      ...
    1..8
ok 9 - Link Safety Logic
  ---
  duration_ms: 5.200264
  type: 'test'
  ...
# node:internal/modules/run_main:123
#     triggerUncaughtException(
#     ^
# Error [ERR_MODULE_NOT_FOUND]: Cannot find package '@google/genai' imported from /app/lib/rag.ts
#     at Object.getPackageJSONURL (node:internal/modules/package_json_reader:314:9)
#     at packageResolve (node:internal/modules/esm/resolve:767:81)
#     at moduleResolve (node:internal/modules/esm/resolve:853:18)
#     at defaultResolve (node:internal/modules/esm/resolve:983:11)
#     at nextResolve (node:internal/modules/esm/hooks:748:28)
#     at resolveBase (file:///home/jules/.npm/_npx/fd45a72a545557e9/node_modules/tsx/dist/esm/index.mjs?1770420539934:2:3744)
#     at resolveDirectory (file:///home/jules/.npm/_npx/fd45a72a545557e9/node_modules/tsx/dist/esm/index.mjs?1770420539934:2:4243)
#     at resolveTsPaths (file:///home/jules/.npm/_npx/fd45a72a545557e9/node_modules/tsx/dist/esm/index.mjs?1770420539934:2:4984)
#     at resolve (file:///home/jules/.npm/_npx/fd45a72a545557e9/node_modules/tsx/dist/esm/index.mjs?1770420539934:2:5361)
#     at nextResolve (node:internal/modules/esm/hooks:748:28) {
#   code: 'ERR_MODULE_NOT_FOUND'
# }
# Node.js v22.22.0
# Subtest: tests/test_rag_integration.ts
not ok 7 - tests/test_rag_integration.ts
  ---
  duration_ms: 307.602091
  type: 'test'
  location: '/app/tests/test_rag_integration.ts:1:1'
  failureType: 'testCodeFailure'
  exitCode: 1
  signal: ~
  error: 'test failed'
  code: 'ERR_TEST_FAILURE'
  ...
# node:internal/modules/run_main:123
#     triggerUncaughtException(
#     ^
# Error [ERR_MODULE_NOT_FOUND]: Cannot find package '@google/genai' imported from /app/lib/rag.ts
#     at Object.getPackageJSONURL (node:internal/modules/package_json_reader:314:9)
#     at packageResolve (node:internal/modules/esm/resolve:767:81)
#     at moduleResolve (node:internal/modules/esm/resolve:853:18)
#     at defaultResolve (node:internal/modules/esm/resolve:983:11)
#     at nextResolve (node:internal/modules/esm/hooks:748:28)
#     at resolveBase (file:///home/jules/.npm/_npx/fd45a72a545557e9/node_modules/tsx/dist/esm/index.mjs?1770420539969:2:3744)
#     at resolveDirectory (file:///home/jules/.npm/_npx/fd45a72a545557e9/node_modules/tsx/dist/esm/index.mjs?1770420539969:2:4243)
#     at resolveTsPaths (file:///home/jules/.npm/_npx/fd45a72a545557e9/node_modules/tsx/dist/esm/index.mjs?1770420539969:2:4984)
#     at resolve (file:///home/jules/.npm/_npx/fd45a72a545557e9/node_modules/tsx/dist/esm/index.mjs?1770420539969:2:5361)
#     at nextResolve (node:internal/modules/esm/hooks:748:28) {
#   code: 'ERR_MODULE_NOT_FOUND'
# }
# Node.js v22.22.0
# Subtest: tests/test_rag_logic.ts
not ok 8 - tests/test_rag_logic.ts
  ---
  duration_ms: 294.779016
  type: 'test'
  location: '/app/tests/test_rag_logic.ts:1:1'
  failureType: 'testCodeFailure'
  exitCode: 1
  signal: ~
  error: 'test failed'
  code: 'ERR_TEST_FAILURE'
  ...
# node:internal/modules/run_main:123
#     triggerUncaughtException(
#     ^
# Error [ERR_MODULE_NOT_FOUND]: Cannot find package '@google/genai' imported from /app/lib/rag.ts
#     at Object.getPackageJSONURL (node:internal/modules/package_json_reader:314:9)
#     at packageResolve (node:internal/modules/esm/resolve:767:81)
#     at moduleResolve (node:internal/modules/esm/resolve:853:18)
#     at defaultResolve (node:internal/modules/esm/resolve:983:11)
#     at nextResolve (node:internal/modules/esm/hooks:748:28)
#     at resolveBase (file:///home/jules/.npm/_npx/fd45a72a545557e9/node_modules/tsx/dist/esm/index.mjs?1770420539979:2:3744)
#     at resolveDirectory (file:///home/jules/.npm/_npx/fd45a72a545557e9/node_modules/tsx/dist/esm/index.mjs?1770420539979:2:4243)
#     at resolveTsPaths (file:///home/jules/.npm/_npx/fd45a72a545557e9/node_modules/tsx/dist/esm/index.mjs?1770420539979:2:4984)
#     at resolve (file:///home/jules/.npm/_npx/fd45a72a545557e9/node_modules/tsx/dist/esm/index.mjs?1770420539979:2:5361)
#     at nextResolve (node:internal/modules/esm/hooks:748:28) {
#   code: 'ERR_MODULE_NOT_FOUND'
# }
# Node.js v22.22.0
# Subtest: tests/test_rag_robustness.ts
not ok 9 - tests/test_rag_robustness.ts
  ---
  duration_ms: 295.171405
  type: 'test'
  location: '/app/tests/test_rag_robustness.ts:1:1'
  failureType: 'testCodeFailure'
  exitCode: 1
  signal: ~
  error: 'test failed'
  code: 'ERR_TEST_FAILURE'
  ...
# Subtest: redactSensitiveInfo
    # Subtest: should redact a simple secret
    ok 1 - should redact a simple secret
      ---
      duration_ms: 1.348969
      type: 'test'
      ...
    # Subtest: should redact multiple occurrences of the same secret
    ok 2 - should redact multiple occurrences of the same secret
      ---
      duration_ms: 0.206721
      type: 'test'
      ...
    # Subtest: should redact multiple different secrets
    ok 3 - should redact multiple different secrets
      ---
      duration_ms: 0.176636
      type: 'test'
      ...
    # Subtest: should not redact secrets shorter than or equal to 4 characters
    ok 4 - should not redact secrets shorter than or equal to 4 characters
      ---
      duration_ms: 0.151177
      type: 'test'
      ...
    # Subtest: should escape special regex characters in secrets
    ok 5 - should escape special regex characters in secrets
      ---
      duration_ms: 0.165665
      type: 'test'
      ...
    # Subtest: should handle null or undefined secrets in the array
    ok 6 - should handle null or undefined secrets in the array
      ---
      duration_ms: 0.25771
      type: 'test'
      ...
    # Subtest: should return original text if secrets array is empty
    ok 7 - should return original text if secrets array is empty
      ---
      duration_ms: 0.155243
      type: 'test'
      ...
    # Subtest: should return original text if text is empty or null
    ok 8 - should return original text if text is empty or null
      ---
      duration_ms: 0.317981
      type: 'test'
      ...
    # Subtest: should correctly handle overlapping secrets
    ok 9 - should correctly handle overlapping secrets
      ---
      duration_ms: 0.389601
      type: 'test'
      ...
    1..9
ok 13 - redactSensitiveInfo
  ---
  duration_ms: 5.246032
  type: 'suite'
  ...
# Subtest: parseRoute
    # Subtest: returns HOME when no params present
    ok 1 - returns HOME when no params present
      ---
      duration_ms: 0.883166
      type: 'test'
      ...
    # Subtest: returns HOME when view param is invalid
    ok 2 - returns HOME when view param is invalid
      ---
      duration_ms: 0.34144
      type: 'test'
      ...
    # Subtest: returns correct view for valid view param
    ok 3 - returns correct view for valid view param
      ---
      duration_ms: 0.222505
      type: 'test'
      ...
    # Subtest: returns correct view and slug for ESSAYS view with slug
    ok 4 - returns correct view and slug for ESSAYS view with slug
      ---
      duration_ms: 0.254825
      type: 'test'
      ...
    # Subtest: ignores slug if view is not ESSAYS
    ok 5 - ignores slug if view is not ESSAYS
      ---
      duration_ms: 0.194413
      type: 'test'
      ...
    # Subtest: returns ESSAYS view with null slug if slug is missing
    ok 6 - returns ESSAYS view with null slug if slug is missing
      ---
      duration_ms: 0.3502
      type: 'test'
      ...
    # Subtest: is case sensitive for view param values
    ok 7 - is case sensitive for view param values
      ---
      duration_ms: 0.190682
      type: 'test'
      ...
    1..7
ok 14 - parseRoute
  ---
  duration_ms: 4.593752
  type: 'test'
  ...
# Subtest: safeJsonParse
    # Subtest: parses simple JSON array
    ok 1 - parses simple JSON array
      ---
      duration_ms: 1.594175
      type: 'test'
      ...
    # Subtest: parses simple JSON object
    ok 2 - parses simple JSON object
      ---
      duration_ms: 0.213654
      type: 'test'
      ...
    # Subtest: parses JSON embedded in conversational text (Array)
    ok 3 - parses JSON embedded in conversational text (Array)
      ---
      duration_ms: 0.446699
      type: 'test'
      ...
    # Subtest: parses JSON embedded in conversational text (Object)
    ok 4 - parses JSON embedded in conversational text (Object)
      ---
      duration_ms: 0.207946
      type: 'test'
      ...
    # Subtest: handles nested structures
    ok 5 - handles nested structures
      ---
      duration_ms: 0.34556
      type: 'test'
      ...
    # Subtest: handles brackets inside strings
    ok 6 - handles brackets inside strings
      ---
      duration_ms: 0.206528
      type: 'test'
      ...
    # Subtest: handles escaped quotes inside strings
    ok 7 - handles escaped quotes inside strings
      ---
      duration_ms: 0.243816
      type: 'test'
      ...
    # Subtest: returns first valid JSON structure found (Array first)
    ok 8 - returns first valid JSON structure found (Array first)
      ---
      duration_ms: 0.381082
      type: 'test'
      ...
    # Subtest: returns first valid JSON structure found (Object first)
    ok 9 - returns first valid JSON structure found (Object first)
      ---
      duration_ms: 0.43892
      type: 'test'
      ...
    # Subtest: returns null for malformed JSON
    ok 10 - returns null for malformed JSON
      ---
      duration_ms: 0.290903
      type: 'test'
      ...
    # Subtest: returns null for balanced but invalid JSON
    ok 11 - returns null for balanced but invalid JSON
      ---
      duration_ms: 0.177985
      type: 'test'
      ...
    # Subtest: handles malformed brackets
    ok 12 - handles malformed brackets
      ---
      duration_ms: 0.191676
      type: 'test'
      ...
    # Subtest: handles incomplete nested structure
    ok 13 - handles incomplete nested structure
      ---
      duration_ms: 0.232211
      type: 'test'
      ...
    1..13
ok 15 - safeJsonParse
  ---
  duration_ms: 8.186011
  type: 'test'
  ...
# node:internal/modules/run_main:123
#     triggerUncaughtException(
#     ^
# Error [ERR_MODULE_NOT_FOUND]: Cannot find package 'react' imported from /app/tests/test_search_highlighter.ts
#     at Object.getPackageJSONURL (node:internal/modules/package_json_reader:314:9)
#     at packageResolve (node:internal/modules/esm/resolve:767:81)
#     at moduleResolve (node:internal/modules/esm/resolve:853:18)
#     at defaultResolve (node:internal/modules/esm/resolve:983:11)
#     at nextResolve (node:internal/modules/esm/hooks:748:28)
#     at resolveBase (file:///home/jules/.npm/_npx/fd45a72a545557e9/node_modules/tsx/dist/esm/index.mjs?1770420540571:2:3744)
#     at resolveDirectory (file:///home/jules/.npm/_npx/fd45a72a545557e9/node_modules/tsx/dist/esm/index.mjs?1770420540571:2:4243)
#     at resolveTsPaths (file:///home/jules/.npm/_npx/fd45a72a545557e9/node_modules/tsx/dist/esm/index.mjs?1770420540571:2:4984)
#     at resolve (file:///home/jules/.npm/_npx/fd45a72a545557e9/node_modules/tsx/dist/esm/index.mjs?1770420540571:2:5361)
#     at nextResolve (node:internal/modules/esm/hooks:748:28) {
#   code: 'ERR_MODULE_NOT_FOUND'
# }
# Node.js v22.22.0
# Subtest: tests/test_search_highlighter.ts
not ok 13 - tests/test_search_highlighter.ts
  ---
  duration_ms: 293.725473
  type: 'test'
  location: '/app/tests/test_search_highlighter.ts:1:1'
  failureType: 'testCodeFailure'
  exitCode: 1
  signal: ~
  error: 'test failed'
  code: 'ERR_TEST_FAILURE'
  ...
# Subtest: checkRateLimit allows requests within limit
ok 17 - checkRateLimit allows requests within limit
  ---
  duration_ms: 1.828064
  type: 'test'
  ...
# Subtest: checkRateLimit blocks requests over limit
ok 18 - checkRateLimit blocks requests over limit
  ---
  duration_ms: 0.246868
  type: 'test'
  ...
# Subtest: checkRateLimit clears old timestamps
ok 19 - checkRateLimit clears old timestamps
  ---
  duration_ms: 0.198194
  type: 'test'
  ...
# Subtest: sanitizeInput
    # Subtest: removes null bytes
    ok 1 - removes null bytes
      ---
      duration_ms: 0.350535
      type: 'test'
      ...
    # Subtest: keeps newlines and tabs
    ok 2 - keeps newlines and tabs
      ---
      duration_ms: 0.165442
      type: 'test'
      ...
    # Subtest: removes other control characters
    ok 3 - removes other control characters
      ---
      duration_ms: 0.205353
      type: 'test'
      ...
    # Subtest: handles empty string
    ok 4 - handles empty string
      ---
      duration_ms: 0.16251
      type: 'test'
      ...
    # Subtest: handles emoji correctly
    ok 5 - handles emoji correctly
      ---
      duration_ms: 0.333015
      type: 'test'
      ...
    1..5
ok 20 - sanitizeInput
  ---
  duration_ms: 2.588387
  type: 'test'
  ...
# Subtest: validateChatInput
    # Subtest: accepts valid input
    ok 1 - accepts valid input
      ---
      duration_ms: 0.544819
      type: 'test'
      ...
    # Subtest: rejects message exceeding max length
    ok 2 - rejects message exceeding max length
      ---
      duration_ms: 0.189577
      type: 'test'
      ...
    # Subtest: rejects history exceeding max total length
    ok 3 - rejects history exceeding max total length
      ---
      duration_ms: 0.165966
      type: 'test'
      ...
    # Subtest: rejects malformed history (invalid object)
    ok 4 - rejects malformed history (invalid object)
      ---
      duration_ms: 0.189908
      type: 'test'
      ...
    # Subtest: rejects malformed history (missing text)
    ok 5 - rejects malformed history (missing text)
      ---
      duration_ms: 0.137773
      type: 'test'
      ...
    # Subtest: rejects not array
    ok 6 - rejects not array
      ---
      duration_ms: 0.117301
      type: 'test'
      ...
    # Subtest: rejects repeated messages
    ok 7 - rejects repeated messages
      ---
      duration_ms: 0.155207
      type: 'test'
      ...
    # Subtest: rejects repeated messages even with intervening model message
    ok 8 - rejects repeated messages even with intervening model message
      ---
      duration_ms: 0.124697
      type: 'test'
      ...
    # Subtest: accepts different messages
    ok 9 - accepts different messages
      ---
      duration_ms: 0.224466
      type: 'test'
      ...
    1..9
ok 21 - validateChatInput
  ---
  duration_ms: 2.922049
  type: 'test'
  ...
# Subtest: RAG Math Utilities
    # Subtest: magnitude
        # Subtest: should calculate magnitude of a vector
        ok 1 - should calculate magnitude of a vector
          ---
          duration_ms: 1.056482
          type: 'test'
          ...
        # Subtest: should handle negative numbers
        ok 2 - should handle negative numbers
          ---
          duration_ms: 0.181387
          type: 'test'
          ...
        1..2
    ok 1 - magnitude
      ---
      duration_ms: 2.197509
      type: 'suite'
      ...
    # Subtest: dotProduct
        # Subtest: should calculate dot product of two vectors
        ok 1 - should calculate dot product of two vectors
          ---
          duration_ms: 0.321438
          type: 'test'
          ...
        # Subtest: should handle negative numbers
        ok 2 - should handle negative numbers
          ---
          duration_ms: 0.211682
          type: 'test'
          ...
        1..2
    ok 2 - dotProduct
      ---
      duration_ms: 0.757018
      type: 'suite'
      ...
    # Subtest: cosineSimilarity
        # Subtest: should calculate correct similarity
        ok 1 - should calculate correct similarity
          ---
          duration_ms: 0.471733
          type: 'test'
          ...
        # Subtest: should handle pre-calculated magnitudes
        ok 2 - should handle pre-calculated magnitudes
          ---
          duration_ms: 0.236173
          type: 'test'
          ...
        # Subtest: should return 0 for zero vectors
        ok 3 - should return 0 for zero vectors
          ---
          duration_ms: 0.42053
          type: 'test'
          ...
        # Subtest: should return 0 for length mismatch
        ok 4 - should return 0 for length mismatch
          ---
          duration_ms: 0.169038
          type: 'test'
          ...
        # Subtest: should return 0 for empty vectors
        ok 5 - should return 0 for empty vectors
          ---
          duration_ms: 0.233956
          type: 'test'
          ...
        # Subtest: should return 0 if one magnitude is 0
        ok 6 - should return 0 if one magnitude is 0
          ---
          duration_ms: 0.361169
          type: 'test'
          ...
        1..6
    ok 3 - cosineSimilarity
      ---
      duration_ms: 2.522497
      type: 'suite'
      ...
    1..3
ok 22 - RAG Math Utilities
  ---
  duration_ms: 6.233801
  type: 'suite'
  ...
# Subtest: slugify
    # Subtest: converts to lowercase
    ok 1 - converts to lowercase
      ---
      duration_ms: 1.072659
      type: 'test'
      ...
    # Subtest: removes special characters
    ok 2 - removes special characters
      ---
      duration_ms: 0.25099
      type: 'test'
      ...
    # Subtest: handles multiple spaces
    ok 3 - handles multiple spaces
      ---
      duration_ms: 0.159558
      type: 'test'
      ...
    # Subtest: handles numbers
    ok 4 - handles numbers
      ---
      duration_ms: 0.246489
      type: 'test'
      ...
    # Subtest: handles dashes
    ok 5 - handles dashes
      ---
      duration_ms: 0.332091
      type: 'test'
      ...
    # Subtest: strips emojis
    ok 6 - strips emojis
      ---
      duration_ms: 0.265459
      type: 'test'
      ...
    1..6
ok 23 - slugify
  ---
  duration_ms: 4.439003
  type: 'test'
  ...
# Subtest: extractTextFromMarkdown
    # Subtest: removes bold
    ok 1 - removes bold
      ---
      duration_ms: 0.417465
      type: 'test'
      ...
    # Subtest: removes italic
    ok 2 - removes italic
      ---
      duration_ms: 0.354776
      type: 'test'
      ...
    # Subtest: removes links
    ok 3 - removes links
      ---
      duration_ms: 0.333356
      type: 'test'
      ...
    # Subtest: removes code
    ok 4 - removes code
      ---
      duration_ms: 0.156187
      type: 'test'
      ...
    1..4
ok 24 - extractTextFromMarkdown
  ---
  duration_ms: 2.614673
  type: 'test'
  ...
# Subtest: TOC Parsing
    # Subtest: ignores headers in code blocks
    ok 1 - ignores headers in code blocks
      ---
      duration_ms: 2.192122
      type: 'test'
      ...
    # Subtest: handles frontmatter
    ok 2 - handles frontmatter
      ---
      duration_ms: 0.220002
      type: 'test'
      ...
    1..2
ok 25 - TOC Parsing
  ---
  duration_ms: 3.723861
  type: 'test'
  ...
# Subtest: escapeRegExp
    # Subtest: escapes special characters
    ok 1 - escapes special characters
      ---
      duration_ms: 1.09164
      type: 'test'
      ...
    # Subtest: does not change standard text
    ok 2 - does not change standard text
      ---
      duration_ms: 0.193055
      type: 'test'
      ...
    # Subtest: handles empty string
    ok 3 - handles empty string
      ---
      duration_ms: 0.256158
      type: 'test'
      ...
    # Subtest: handles mixed content
    ok 4 - handles mixed content
      ---
      duration_ms: 0.221333
      type: 'test'
      ...
    1..4
ok 26 - escapeRegExp
  ---
  duration_ms: 3.421813
  type: 'test'
  ...
# Subtest: parseFollowUpPrompts
    # Subtest: extracts prompts correctly
    ok 1 - extracts prompts correctly
      ---
      duration_ms: 1.127808
      type: 'test'
      ...
    # Subtest: handles missing FOLLOW_UP tag
    ok 2 - handles missing FOLLOW_UP tag
      ---
      duration_ms: 0.175916
      type: 'test'
      ...
    # Subtest: handles malformed JSON with fallback
    ok 3 - handles malformed JSON with fallback
      ---
      duration_ms: 0.394112
      type: 'test'
      ...
    # Subtest: handles completely invalid JSON
    ok 4 - handles completely invalid JSON
      ---
      duration_ms: 0.344861
      type: 'test'
      ...
    # Subtest: handles multiple markers (preserves rest)
    ok 5 - handles multiple markers (preserves rest)
      ---
      duration_ms: 0.361993
      type: 'test'
      ...
    # Subtest: handles brackets inside strings
    ok 6 - handles brackets inside strings
      ---
      duration_ms: 0.230046
      type: 'test'
      ...
    # Subtest: handles nested arrays
    ok 7 - handles nested arrays
      ---
      duration_ms: 0.180116
      type: 'test'
      ...
    1..7
ok 27 - parseFollowUpPrompts
  ---
  duration_ms: 4.238264
  type: 'test'
  ...
# Subtest: calculateReadTime
    # Subtest: returns 1 for empty text
    ok 1 - returns 1 for empty text
      ---
      duration_ms: 0.24064
      type: 'test'
      ...
    # Subtest: returns 1 for whitespace only
    ok 2 - returns 1 for whitespace only
      ---
      duration_ms: 0.13564
      type: 'test'
      ...
    # Subtest: calculates time correctly
    ok 3 - calculates time correctly
      ---
      duration_ms: 0.371131
      type: 'test'
      ...
    # Subtest: calculates time for 201 words (2 mins)
    ok 4 - calculates time for 201 words (2 mins)
      ---
      duration_ms: 0.248596
      type: 'test'
      ...
    # Subtest: calculates time for 200 words (1 min)
    ok 5 - calculates time for 200 words (1 min)
      ---
      duration_ms: 0.208748
      type: 'test'
      ...
    1..5
ok 28 - calculateReadTime
  ---
  duration_ms: 1.786836
  type: 'test'
  ...
# Subtest: redactSensitiveInfo
    # Subtest: redacts secrets
    ok 1 - redacts secrets
      ---
      duration_ms: 0.242104
      type: 'test'
      ...
    # Subtest: ignores short secrets
    ok 2 - ignores short secrets
      ---
      duration_ms: 0.169658
      type: 'test'
      ...
    # Subtest: handles regex special chars in secret
    ok 3 - handles regex special chars in secret
      ---
      duration_ms: 0.226383
      type: 'test'
      ...
    # Subtest: handles undefined/null secrets
    ok 4 - handles undefined/null secrets
      ---
      duration_ms: 0.157595
      type: 'test'
      ...
    1..4
ok 29 - redactSensitiveInfo
  ---
  duration_ms: 2.237366
  type: 'test'
  ...
# Subtest: extractTextFromReactNode
    # Subtest: extracts from string
    ok 1 - extracts from string
      ---
      duration_ms: 0.201254
      type: 'test'
      ...
    # Subtest: extracts from number
    ok 2 - extracts from number
      ---
      duration_ms: 0.119812
      type: 'test'
      ...
    # Subtest: extracts from simple array
    ok 3 - extracts from simple array
      ---
      duration_ms: 0.104561
      type: 'test'
      ...
    # Subtest: extracts from nested elements (mocked)
    ok 4 - extracts from nested elements (mocked)
      ---
      duration_ms: 0.12816
      type: 'test'
      ...
    # Subtest: handles deeply nested structure
    ok 5 - handles deeply nested structure
      ---
      duration_ms: 0.129254
      type: 'test'
      ...
    # Subtest: handles empty/null/undefined
    ok 6 - handles empty/null/undefined
      ---
      duration_ms: 0.107536
      type: 'test'
      ...
    # Subtest: ignores non-text props
    ok 7 - ignores non-text props
      ---
      duration_ms: 0.178555
      type: 'test'
      ...
    1..7
ok 30 - extractTextFromReactNode
  ---
  duration_ms: 1.540325
  type: 'test'
  ...
# Subtest: extractTextFromMarkdown
    # Subtest: removes bold formatting
    ok 1 - removes bold formatting
      ---
      duration_ms: 0.316372
      type: 'test'
      ...
    # Subtest: removes italic formatting
    ok 2 - removes italic formatting
      ---
      duration_ms: 0.148711
      type: 'test'
      ...
    # Subtest: removes inline code formatting
    ok 3 - removes inline code formatting
      ---
      duration_ms: 0.164254
      type: 'test'
      ...
    # Subtest: removes link formatting (keeps text)
    ok 4 - removes link formatting (keeps text)
      ---
      duration_ms: 0.168246
      type: 'test'
      ...
    # Subtest: removes header prefixes
    ok 5 - removes header prefixes
      ---
      duration_ms: 0.123574
      type: 'test'
      ...
    # Subtest: handles nested formatting (bold inside italic)
    ok 6 - handles nested formatting (bold inside italic)
      ---
      duration_ms: 0.121942
      type: 'test'
      ...
    # Subtest: handles combined formatting
    ok 7 - handles combined formatting
      ---
      duration_ms: 0.10806
      type: 'test'
      ...
    # Subtest: handles empty string
    ok 8 - handles empty string
      ---
      duration_ms: 0.176915
      type: 'test'
      ...
    # Subtest: handles text with no markdown
    ok 9 - handles text with no markdown
      ---
      duration_ms: 0.119091
      type: 'test'
      ...
    1..9
ok 31 - extractTextFromMarkdown
  ---
  duration_ms: 2.12929
  type: 'test'
  ...
1..31
# tests 166
# suites 9
# pass 161
# fail 5
# cancelled 0
# skipped 0
# todo 0
# duration_ms 1985.432061
